P2 exact form.  seed=20260811  MC deviations=400,000  quadrature nodes=20001

C1/C2  exact vs Monte Carlo, Gaussian deviations, k=9 n=10 t=.30
       rho   W exact   W MC eq        d   W MC sf        d   AND ex  AND MC
      0.00    0.9111    0.9102  -0.0009    0.8895  -0.0216   0.0889  0.0898
      0.20    0.9038    0.9043  +0.0005    0.8959  -0.0079   0.0962  0.0957
      0.50    0.8502    0.8499  -0.0003    0.8660  +0.0158   0.1498  0.1501
      0.70    0.7628    0.7620  -0.0009    0.7671  +0.0042   0.2371  0.2379
      0.90    0.5694    0.5714  +0.0021    0.5381  -0.0313   0.4277  0.4257
      0.99    0.2264    0.2266  +0.0001    0.2034  -0.0230   0.6528  0.6521
    C1 exact reproduces the equiangular panel; C2 the generic construction
    tracks it, with the residual coming from its unequal pairwise angles.

C3/C4  limits
    rho=0    W exact 0.911130   1 - p^k - (1-p)^k = 0.911130
    rho=0.99    W exact 0.226421
    rho=0.999   W exact 0.071637
    rho=0.9999  W exact 0.022655
    rho->1   W exact 0.002267  (collapses, as P2(4) requires)

C5     W strictly decreasing in rho: True

C6/C7  exact value against the union bound (k=9, t=.30)
       rho  phi_err   W exact     bound  bound/W  bound<1
     0.000    0.000    0.9111    2.8834     3.16    False
     0.200    0.006    0.9038    2.8661     3.17    False
     0.500    0.044    0.8502    2.7556     3.24    False
     0.700    0.112    0.7628    2.5610     3.36    False
     0.900    0.323    0.5694    1.9523     3.43    False
     0.950    0.480    0.4619    1.5002     3.25    False
     0.990    0.761    0.2264    0.6891     3.04     True
     0.999    0.924    0.0716    0.2178     3.04     True
    C7 the exact value is informative at every rho; the union bound only
    drops below 1 near phi ~ .88, which is the gap this closes.

C8     collapse across panel sizes (exact W, t=.30)
       rho       k=3       k=9      k=25     k=100
      0.00    0.5406    0.9111    0.9988    1.0000
      0.30    0.5331    0.8930    0.9920    0.9998
      0.60    0.5023    0.8140    0.9288    0.9781
      0.90    0.3660    0.5694    0.6615    0.7459
      0.99    0.1292    0.2264    0.2990    0.3794
    Bracket width GROWS with k at fixed correlation and collapses with
    correlation at fixed k -- the two directions P1's asymmetry predicts.

C9     single-factor phi against the bivariate-normal map
        q      t    rho  phi (factor) phi (bvn map)          d
     0.10  0.126   0.10      0.000554      0.000554  +1.02e-15
     0.10  0.126   0.50      0.016965      0.016965  +5.62e-16
     0.10  0.126   0.90      0.138252      0.138252  -2.22e-16
     0.10  0.126   0.99      0.522341      0.522341  -2.33e-15
     0.25  0.319   0.10      0.001568      0.001568  -8.88e-16
     0.25  0.319   0.50      0.047410      0.047410  +5.20e-16
     0.25  0.319   0.90      0.340090      0.340090  -2.50e-15
     0.25  0.319   0.99      0.771629      0.771629  -1.22e-14
     0.50  0.674   0.10      0.003695      0.003695  -4.00e-15
     0.50  0.674   0.50      0.106406      0.106406  -5.11e-15
     0.50  0.674   0.90      0.544891      0.544891  -1.55e-14
     0.50  0.674   0.99      0.856506      0.856506  -2.53e-14
    worst disagreement 2.53e-14 -- agree

C10    bracket remaining at the correlations a real nine-judge panel shows
    condition                 phi       q=0.10       q=0.25       q=0.50
    MNLI                    0.391        42.5%        58.8%        76.1%
    SNLI                    0.354        45.2%        61.6%        79.4%
    AlphaNLI                0.328        47.2%        63.6%        81.6%
    MNLI chain-of-thought   0.456        38.4%        53.9%        69.6%
    Read as: percentage of the ZERO-CORRELATION bracket width that SURVIVES at
    the panel's measured error correlation. Model-dependent and directional, not
    a measurement. State the loss honestly: between roughly a quarter and three
    fifths of the bracket is already gone, depending on the marginal error rate --
    NOT 'most of it', and not zero. The union bound says nothing whatever at these
    correlations, because it exceeds 1 until phi is near .88.

ALL CHECKS PASSED
