2026-05-25 13:17:11,708 friction_tax_montecarlo.py -- Thermodynamic Coupling (Zharnikov 2026am)
2026-05-25 13:17:11,708 ========================================================================
2026-05-25 13:17:11,708 RANDOM_SEED     = 20260525
2026-05-25 13:17:11,708 N_TRIALS        = 10,000
2026-05-25 13:17:11,708 D               = 8 (SBT specification dimensions)
2026-05-25 13:17:11,708 SIGMAS          = (0.1, 0.2, 0.3, 0.5, 0.7, 1.0)
2026-05-25 13:17:11,708 N_RECIPIENTS    = (100, 500, 1000, 5000)
2026-05-25 13:17:11,708 ALPHAS          = (0.0, 0.2, 0.4, 0.6, 0.8, 1.0)
2026-05-25 13:17:11,708 FUNCTIONAL_FORMS= ('quadratic', 'l1', 'log_quadratic')
2026-05-25 13:17:11,708 SIGMA_Q_MULTS   = (0.01, 0.1, 0.3)
2026-05-25 13:17:11,708 CHUNK_SIZE      = 2000
2026-05-25 13:17:11,708 Primary cells   = 432
2026-05-25 13:17:11,708 Total cells     = 1296
2026-05-25 13:17:11,708 Total trials    = 12,960,000
2026-05-25 13:17:11,708 
2026-05-25 13:17:41,763   Completed 100/1296 cells (30.1s elapsed)
2026-05-25 13:22:18,380   Completed 200/1296 cells (306.7s elapsed)
2026-05-25 13:23:45,989 Finished sigma=0.1  (394.3s)
2026-05-25 13:24:08,575   Completed 300/1296 cells (416.9s elapsed)
2026-05-25 13:27:29,301   Completed 400/1296 cells (617.6s elapsed)
2026-05-25 13:30:25,730 Finished sigma=0.2  (794.0s)
2026-05-25 13:30:39,352   Completed 500/1296 cells (807.6s elapsed)
2026-05-25 13:32:32,974   Completed 600/1296 cells (921.3s elapsed)
2026-05-25 13:36:56,334 Finished sigma=0.3  (1184.6s)
2026-05-25 13:37:02,039   Completed 700/1296 cells (1190.3s elapsed)
2026-05-25 13:38:20,115   Completed 800/1296 cells (1268.4s elapsed)
2026-05-25 13:43:37,402 Finished sigma=0.5  (1585.7s)
2026-05-25 13:43:41,668   Completed 900/1296 cells (1590.0s elapsed)
2026-05-25 13:44:46,885   Completed 1000/1296 cells (1655.2s elapsed)
2026-05-25 13:50:02,268 Finished sigma=0.7  (1970.6s)
2026-05-25 13:50:04,414   Completed 1100/1296 cells (1972.7s elapsed)
2026-05-25 13:50:49,368   Completed 1200/1296 cells (2017.7s elapsed)
2026-05-25 13:56:16,832 Finished sigma=1.0  (2345.1s)
2026-05-25 13:56:16,833 
All 1296 cells completed.
2026-05-25 13:56:16,843 Wrote: specification-readiness/code/monte_carlo_summary.csv
2026-05-25 13:56:16,843 
--- Pre-registered baseline check (sigma=.3, N=1000, alpha=0, quadratic) ---
2026-05-25 13:56:16,843   mu_push          = 1.439872
2026-05-25 13:56:16,843   mu_pull          = 0.0000720019
2026-05-25 13:56:16,843   Cohen's d        = 88.86  (pre-reg >= 1.0)
2026-05-25 13:56:16,843   ratio push/pull  = 19997.7  (pre-reg >= 200)
2026-05-25 13:56:16,843   analytic mu_push = 1.4400  (= 2*sigma^2*d)
2026-05-25 13:56:16,843 
--- H_A Falsification check (ratio >= 2.0 required at every sigma) ---
2026-05-25 13:56:16,843   sigma=0.1: ratio=19999.4 --> PASS
2026-05-25 13:56:16,843   sigma=0.2: ratio=20003.5 --> PASS
2026-05-25 13:56:16,843   sigma=0.3: ratio=19997.7 --> PASS
2026-05-25 13:56:16,843   sigma=0.5: ratio=19988.6 --> PASS
2026-05-25 13:56:16,843   sigma=0.7: ratio=19997.0 --> PASS
2026-05-25 13:56:16,843   sigma=1.0: ratio=19990.7 --> PASS
2026-05-25 13:56:16,843 
--- Phase-shift curves ---
2026-05-25 13:56:17,892   sigma=0.1: alpha* = 0.91  (pre-reg range [.85, .95])
2026-05-25 13:56:18,919   sigma=0.3: alpha* = 0.91  (pre-reg range [.85, .95])
2026-05-25 13:56:20,043   sigma=0.7: alpha* = 0.91  (pre-reg range [.85, .95])
2026-05-25 13:56:21,140   sigma=1.0: alpha* = 0.91  (pre-reg range [.85, .95])
2026-05-25 13:56:21,140 
--- Dimensionality robustness check ---
2026-05-25 13:56:25,406   d= 2: push/pull ratio = 19995.5
2026-05-25 13:56:25,406   d= 4: push/pull ratio = 19997.0
2026-05-25 13:56:25,406   d= 8: push/pull ratio = 20001.4
2026-05-25 13:56:25,406   d=16: push/pull ratio = 20002.5
2026-05-25 13:56:25,406 
--- Generating plots ---
2026-05-25 13:56:26,645   Wrote: specification-readiness/code/plots/friction_distribution_push_vs_pull.png
2026-05-25 13:56:26,690   Wrote: specification-readiness/code/plots/phase_shift_alpha.png
2026-05-25 13:56:26,799   Wrote: specification-readiness/code/plots/sensitivity_misalignment.png
2026-05-25 13:56:26,840   Wrote: specification-readiness/code/plots/functional_form_comparison.png
2026-05-25 13:56:26,840 
Total runtime: 2355.1s (39.3 min)
2026-05-25 13:56:26,840 Log written to: specification-readiness/code/logs/monte_carlo_run_20260525.log
2026-05-25 13:56:26,840 OK -- friction_tax_montecarlo.py completed.
 13:45:42,787   Wrote: specification-readiness/code/plots/friction_distribution_push_vs_pull.png
2026-05-25 13:45:42,835   Wrote: specification-readiness/code/plots/phase_shift_alpha.png
2026-05-25 13:45:42,948   Wrote: specification-readiness/code/plots/sensitivity_misalignment.png
2026-05-25 13:45:42,991   Wrote: specification-readiness/code/plots/functional_form_comparison.png
2026-05-25 13:45:42,991 
Total runtime: 2446.4s (40.8 min)
2026-05-25 13:45:42,991 Log written to: specification-readiness/code/logs/monte_carlo_run_20260525.log
2026-05-25 13:45:42,991 OK -- friction_tax_montecarlo.py completed.
