2026-06-16 22:43:59,697 friction_tax_montecarlo.py -- Thermodynamic Coupling (Zharnikov 2026am)
2026-06-16 22:43:59,697 ========================================================================
2026-06-16 22:43:59,697 RANDOM_SEED     = 20260525
2026-06-16 22:43:59,697 N_TRIALS        = 10,000
2026-06-16 22:43:59,697 D               = 8 (SBT specification dimensions)
2026-06-16 22:43:59,697 SIGMAS          = (0.1, 0.2, 0.3, 0.5, 0.7, 1.0)
2026-06-16 22:43:59,697 N_RECIPIENTS    = (100, 500, 1000, 5000)
2026-06-16 22:43:59,697 ALPHAS          = (0.0, 0.2, 0.4, 0.6, 0.8, 1.0)
2026-06-16 22:43:59,697 FUNCTIONAL_FORMS= ('quadratic', 'l1', 'log_quadratic')
2026-06-16 22:43:59,697 SIGMA_Q_MULTS   = (0.01, 0.1, 0.3)
2026-06-16 22:43:59,697 CHUNK_SIZE      = dynamic (see _chunk_size; e.g., 500 for N=1000)
2026-06-16 22:43:59,697 Primary cells   = 432
2026-06-16 22:43:59,697 Total cells     = 1296
2026-06-16 22:43:59,697 Total trials    = 12,960,000
2026-06-16 22:43:59,697 
2026-06-16 22:44:28,983   Completed 100/1296 cells (29.3s elapsed)
2026-06-16 22:48:44,094   Completed 200/1296 cells (284.4s elapsed)
2026-06-16 22:50:06,547 Finished sigma=0.1  (366.9s)
2026-06-16 22:50:27,701   Completed 300/1296 cells (388.0s elapsed)
2026-06-16 22:53:31,582   Completed 400/1296 cells (571.9s elapsed)
